// Jest Snapshot v1, https://goo.gl/fbAQLP

exports[`AaveYield gas user stake 1`] = `656944`;

exports[`AaveYield gas user unstake 1`] = `590178`;
